# mysql-compat full transcript
--------------
DROP TEMPORARY TABLE IF EXISTS mysql_compat_required_api
--------------

Query OK, 0 rows affected

--------------
CREATE TEMPORARY TABLE mysql_compat_required_api (
  function_name VARCHAR(64) PRIMARY KEY
)
--------------

Query OK, 0 rows affected

--------------
INSERT INTO mysql_compat_required_api(function_name) VALUES
  ('adddate'), ('addtime'), ('avg'), ('bin'), ('bit_and'), ('bit_count'),
  ('bit_or'), ('bit_xor'), ('ceil'), ('ceiling'), ('concat'), ('concat_ws'),
  ('conv'), ('convert_tz'), ('curdate'), ('current_user'), ('curtime'),
  ('database'), ('date'), ('date_add'), ('date_format'), ('date_sub'),
  ('datediff'), ('day'), ('dayname'), ('dayofmonth'), ('dayofweek'),
  ('dayofyear'), ('elt'), ('export_set'), ('extract'), ('field'),
  ('find_in_set'), ('floor'), ('format'), ('found_rows'), ('from_days'),
  ('from_unixtime'), ('get_lock'), ('hour'), ('if'), ('ifnull'), ('insert'),
  ('instr'), ('is_free_lock'), ('is_used_lock'), ('isnull'), ('json_unquote'),
  ('last_day'), ('last_insert_id'), ('lcase'), ('left'), ('length'),
  ('load_file'), ('locate'), ('log'), ('log2'), ('lpad'), ('make_set'),
  ('makedate'), ('maketime'), ('microsecond'), ('mid'), ('minute'), ('mod'),
  ('month'), ('monthname'), ('now'), ('numeric_timestamp'), ('period_add'),
  ('period_diff'), ('quarter'), ('rand'), ('release_lock'), ('right'),
  ('round'), ('row_count'), ('rpad'), ('schema'), ('sec_to_time'), ('second'),
  ('session_user'), ('sleep'), ('space'), ('sqrt'), ('str_to_date'),
  ('strcmp'), ('subdate'), ('substr'), ('substring'), ('substring_index'),
  ('subtime'), ('sum'), ('sysdate'), ('time_format'), ('time_to_sec'),
  ('timediff'), ('timestamp'), ('timestampadd'), ('timestampdiff'),
  ('to_days'), ('truncate'), ('ucase'), ('unix_timestamp'), ('user'),
  ('utc_date'), ('utc_time'), ('utc_timestamp'), ('uuid'), ('uuid_short'),
  ('version'), ('week'), ('weekday'), ('weekofyear'), ('year'), ('yearweek')
--------------

Query OK, 116 rows affected

--------------
SELECT 'extension_version' AS test_name,
       extversion = '1.5' AS passed
FROM pg_extension WHERE extname = 'aux_mysql'
--------------

test_name	passed
extension_version	1
1 row in set

--------------
SELECT 'mysql_function_catalog_baseline' AS test_name,
       COUNT(DISTINCT p.proname) = 590
       AND COUNT(*) = 1101
       AND SUM(p.prokind = 'f') = 1094
       AND SUM(p.prokind = 'a') = 7 AS passed
FROM pg_proc p JOIN pg_namespace n ON n.oid = p.pronamespace
WHERE n.nspname = 'mysql'
--------------

test_name	passed
mysql_function_catalog_baseline	1
1 row in set

--------------
SELECT 'mysql_type_operator_baseline' AS test_name,
       (SELECT COUNT(*) FROM pg_type t JOIN pg_namespace n ON n.oid = t.typnamespace
        WHERE n.nspname = 'mysql') = 60
       AND
       (SELECT COUNT(*) FROM pg_operator o JOIN pg_namespace n ON n.oid = o.oprnamespace
        WHERE n.nspname = 'mysql') = 330 AS passed
--------------

test_name	passed
mysql_type_operator_baseline	1
1 row in set

--------------
SELECT 'extension_member_baseline' AS test_name,
       COUNT(*) = 1783 AS passed
FROM pg_depend d JOIN pg_extension e ON e.oid = d.refobjid
WHERE e.extname = 'aux_mysql' AND d.deptype = 'e'
--------------

test_name	passed
extension_member_baseline	1
1 row in set

--------------
SELECT 'required_public_api_present' AS test_name,
       COUNT(*) = 0 AS passed
FROM mysql_compat_required_api r
WHERE NOT EXISTS (
  SELECT 1
  FROM pg_proc p JOIN pg_namespace n ON n.oid = p.pronamespace
  WHERE n.nspname = 'mysql'
    AND CAST(p.proname AS BINARY) = CAST(r.function_name AS BINARY)
)
--------------

test_name	passed
required_public_api_present	1
1 row in set

--------------
SELECT 'compatibility_schema_relation_baseline' AS test_name,
       SUM(n.nspname = 'mys_informa_schema') = 84
       AND SUM(n.nspname = 'performance_schema') = 111
       AND SUM(n.nspname = 'mys_sys') = 1 AS passed
FROM pg_class c JOIN pg_namespace n ON n.oid = c.relnamespace
WHERE n.nspname IN ('mys_informa_schema', 'performance_schema', 'mys_sys')
  AND c.relkind IN ('r', 'v', 'm')
--------------

test_name	passed
compatibility_schema_relation_baseline	1
1 row in set

--------------
DROP TEMPORARY TABLE mysql_compat_required_api
--------------

Query OK, 0 rows affected

Bye
